Archive member included to satisfy reference by file (symbol)

c:/winavr/bin/../lib/gcc/avr/9.1.0/avr5\libgcc.a(_exit.o)
                              c:/winavr/bin/../lib/gcc/avr/9.1.0/../../../../avr/lib/avr5/crtatmega16.o (exit)
c:/winavr/bin/../lib/gcc/avr/9.1.0/avr5\libgcc.a(_copy_data.o)
                              ./Control_ECU.o (__do_copy_data)
c:/winavr/bin/../lib/gcc/avr/9.1.0/avr5\libgcc.a(_clear_bss.o)
                              ./Control_ECU.o (__do_clear_bss)
c:/winavr/bin/../lib/gcc/avr/9.1.0/avr5\libgcc.a(_ashldi3.o)
                              ./Control_ECU.o (__ashldi3)
c:/winavr/bin/../lib/gcc/avr/9.1.0/avr5\libgcc.a(_ashrdi3.o)
                              ./Control_ECU.o (__lshrdi3)
c:/winavr/bin/../lib/gcc/avr/9.1.0/avr5\libgcc.a(_adddi3.o)
                              ./Control_ECU.o (__adddi3)
c:/winavr/bin/../lib/gcc/avr/9.1.0/avr5\libgcc.a(_cmpdi2.o)
                              ./Control_ECU.o (__cmpdi2)
c:/winavr/bin/../lib/gcc/avr/9.1.0/avr5\libgcc.a(_cmpdi2_s8.o)
                              ./Control_ECU.o (__cmpdi2_s8)
c:/winavr/bin/../lib/gcc/avr/9.1.0/../../../../avr/lib/avr5\libm.a(cmpsf2.o)
                              ./Control_ECU.o (__ltsf2)
c:/winavr/bin/../lib/gcc/avr/9.1.0/../../../../avr/lib/avr5\libm.a(fixunssfsi.o)
                              ./Control_ECU.o (__fixunssfsi)
c:/winavr/bin/../lib/gcc/avr/9.1.0/../../../../avr/lib/avr5\libm.a(fp_cmp.o)
                              c:/winavr/bin/../lib/gcc/avr/9.1.0/../../../../avr/lib/avr5\libm.a(cmpsf2.o) (__fp_cmp)
c:/winavr/bin/../lib/gcc/avr/9.1.0/../../../../avr/lib/avr5\libm.a(fp_split3.o)
                              c:/winavr/bin/../lib/gcc/avr/9.1.0/../../../../avr/lib/avr5\libm.a(fixunssfsi.o) (__fp_splitA)
c:/winavr/bin/../lib/gcc/avr/9.1.0/../../../../avr/lib/avr5\libm.a(fp_zero.o)
                              c:/winavr/bin/../lib/gcc/avr/9.1.0/../../../../avr/lib/avr5\libm.a(fixunssfsi.o) (__fp_zero)
c:/winavr/bin/../lib/gcc/avr/9.1.0/../../../../avr/lib/avr5\libm.a(gesf2.o)
                              ./Control_ECU.o (__gtsf2)
c:/winavr/bin/../lib/gcc/avr/9.1.0/../../../../avr/lib/avr5\libm.a(mulsf3.o)
                              ./Control_ECU.o (__mulsf3)
c:/winavr/bin/../lib/gcc/avr/9.1.0/../../../../avr/lib/avr5\libm.a(mulsf3x.o)
                              c:/winavr/bin/../lib/gcc/avr/9.1.0/../../../../avr/lib/avr5\libm.a(mulsf3.o) (__mulsf3x)
c:/winavr/bin/../lib/gcc/avr/9.1.0/../../../../avr/lib/avr5\libm.a(fp_inf.o)
                              c:/winavr/bin/../lib/gcc/avr/9.1.0/../../../../avr/lib/avr5\libm.a(mulsf3x.o) (__fp_inf)
c:/winavr/bin/../lib/gcc/avr/9.1.0/../../../../avr/lib/avr5\libm.a(fp_nan.o)
                              c:/winavr/bin/../lib/gcc/avr/9.1.0/../../../../avr/lib/avr5\libm.a(mulsf3x.o) (__fp_nan)
c:/winavr/bin/../lib/gcc/avr/9.1.0/../../../../avr/lib/avr5\libm.a(fp_pscA.o)
                              c:/winavr/bin/../lib/gcc/avr/9.1.0/../../../../avr/lib/avr5\libm.a(mulsf3x.o) (__fp_pscA)
c:/winavr/bin/../lib/gcc/avr/9.1.0/../../../../avr/lib/avr5\libm.a(fp_pscB.o)
                              c:/winavr/bin/../lib/gcc/avr/9.1.0/../../../../avr/lib/avr5\libm.a(mulsf3x.o) (__fp_pscB)
c:/winavr/bin/../lib/gcc/avr/9.1.0/../../../../avr/lib/avr5\libm.a(fp_round.o)
                              c:/winavr/bin/../lib/gcc/avr/9.1.0/../../../../avr/lib/avr5\libm.a(mulsf3.o) (__fp_round)

Allocating common symbols
Common symbol       size              file

g_byte              0x1               ./Control_ECU.o

Memory Configuration

Name             Origin             Length             Attributes
text             0x0000000000000000 0x0000000000020000 xr
data             0x0000000000800060 0x000000000000ffa0 rw !x
eeprom           0x0000000000810000 0x0000000000010000 rw !x
fuse             0x0000000000820000 0x0000000000000400 rw !x
lock             0x0000000000830000 0x0000000000000400 rw !x
signature        0x0000000000840000 0x0000000000000400 rw !x
user_signatures  0x0000000000850000 0x0000000000000400 rw !x
*default*        0x0000000000000000 0xffffffffffffffff

Linker script and memory map

LOAD c:/winavr/bin/../lib/gcc/avr/9.1.0/../../../../avr/lib/avr5/crtatmega16.o
LOAD ./Control_ECU.o
LOAD ./EEPROM.o
LOAD ./I2C.o
LOAD ./TIMER.o
LOAD ./UART.o
START GROUP
LOAD c:/winavr/bin/../lib/gcc/avr/9.1.0/avr5\libgcc.a
LOAD c:/winavr/bin/../lib/gcc/avr/9.1.0/../../../../avr/lib/avr5\libm.a
LOAD c:/winavr/bin/../lib/gcc/avr/9.1.0/../../../../avr/lib/avr5\libc.a
LOAD c:/winavr/bin/../lib/gcc/avr/9.1.0/../../../../avr/lib/avr5\libatmega16.a
END GROUP
                0x0000000000020000                __TEXT_REGION_LENGTH__ = DEFINED (__TEXT_REGION_LENGTH__)?__TEXT_REGION_LENGTH__:0x20000
                0x000000000000ffa0                __DATA_REGION_LENGTH__ = DEFINED (__DATA_REGION_LENGTH__)?__DATA_REGION_LENGTH__:0xffa0
                0x0000000000010000                __EEPROM_REGION_LENGTH__ = DEFINED (__EEPROM_REGION_LENGTH__)?__EEPROM_REGION_LENGTH__:0x10000
                0x0000000000000400                __FUSE_REGION_LENGTH__ = DEFINED (__FUSE_REGION_LENGTH__)?__FUSE_REGION_LENGTH__:0x400
                0x0000000000000400                __LOCK_REGION_LENGTH__ = DEFINED (__LOCK_REGION_LENGTH__)?__LOCK_REGION_LENGTH__:0x400
                0x0000000000000400                __SIGNATURE_REGION_LENGTH__ = DEFINED (__SIGNATURE_REGION_LENGTH__)?__SIGNATURE_REGION_LENGTH__:0x400
                0x0000000000000400                __USER_SIGNATURE_REGION_LENGTH__ = DEFINED (__USER_SIGNATURE_REGION_LENGTH__)?__USER_SIGNATURE_REGION_LENGTH__:0x400

.hash
 *(.hash)

.dynsym
 *(.dynsym)

.dynstr
 *(.dynstr)

.gnu.version
 *(.gnu.version)

.gnu.version_d
 *(.gnu.version_d)

.gnu.version_r
 *(.gnu.version_r)

.rel.init
 *(.rel.init)

.rela.init
 *(.rela.init)

.rel.text
 *(.rel.text)
 *(.rel.text.*)
 *(.rel.gnu.linkonce.t*)

.rela.text
 *(.rela.text)
 *(.rela.text.*)
 *(.rela.gnu.linkonce.t*)

.rel.fini
 *(.rel.fini)

.rela.fini
 *(.rela.fini)

.rel.rodata
 *(.rel.rodata)
 *(.rel.rodata.*)
 *(.rel.gnu.linkonce.r*)

.rela.rodata
 *(.rela.rodata)
 *(.rela.rodata.*)
 *(.rela.gnu.linkonce.r*)

.rel.data
 *(.rel.data)
 *(.rel.data.*)
 *(.rel.gnu.linkonce.d*)

.rela.data
 *(.rela.data)
 *(.rela.data.*)
 *(.rela.gnu.linkonce.d*)

.rel.ctors
 *(.rel.ctors)

.rela.ctors
 *(.rela.ctors)

.rel.dtors
 *(.rel.dtors)

.rela.dtors
 *(.rela.dtors)

.rel.got
 *(.rel.got)

.rela.got
 *(.rela.got)

.rel.bss
 *(.rel.bss)

.rela.bss
 *(.rela.bss)

.rel.plt
 *(.rel.plt)

.rela.plt
 *(.rela.plt)

.text           0x0000000000000000     0x1f1e
 *(.vectors)
 .vectors       0x0000000000000000       0x54 c:/winavr/bin/../lib/gcc/avr/9.1.0/../../../../avr/lib/avr5/crtatmega16.o
                0x0000000000000000                __vector_default
                0x0000000000000000                __vectors
 *(.vectors)
 *(.progmem.gcc*)
                0x0000000000000054                . = ALIGN (0x2)
                0x0000000000000054                __trampolines_start = .
 *(.trampolines)
 .trampolines   0x0000000000000054        0x0 linker stubs
 *(.trampolines*)
                0x0000000000000054                __trampolines_end = .
 *libprintf_flt.a:*(.progmem.data)
 *libc.a:*(.progmem.data)
 *(.progmem.*)
                0x0000000000000054                . = ALIGN (0x2)
 *(.lowtext)
 *(.lowtext*)
                0x0000000000000054                __ctors_start = .
 *(.ctors)
                0x0000000000000054                __ctors_end = .
                0x0000000000000054                __dtors_start = .
 *(.dtors)
                0x0000000000000054                __dtors_end = .
 SORT_BY_NAME(*)(.ctors)
 SORT_BY_NAME(*)(.dtors)
 *(.init0)
 .init0         0x0000000000000054        0x0 c:/winavr/bin/../lib/gcc/avr/9.1.0/../../../../avr/lib/avr5/crtatmega16.o
                0x0000000000000054                __init
 *(.init0)
 *(.init1)
 *(.init1)
 *(.init2)
 .init2         0x0000000000000054        0xc c:/winavr/bin/../lib/gcc/avr/9.1.0/../../../../avr/lib/avr5/crtatmega16.o
 *(.init2)
 *(.init3)
 *(.init3)
 *(.init4)
 .init4         0x0000000000000060       0x16 c:/winavr/bin/../lib/gcc/avr/9.1.0/avr5\libgcc.a(_copy_data.o)
                0x0000000000000060                __do_copy_data
 .init4         0x0000000000000076       0x10 c:/winavr/bin/../lib/gcc/avr/9.1.0/avr5\libgcc.a(_clear_bss.o)
                0x0000000000000076                __do_clear_bss
 *(.init4)
 *(.init5)
 *(.init5)
 *(.init6)
 *(.init6)
 *(.init7)
 *(.init7)
 *(.init8)
 *(.init8)
 *(.init9)
 .init9         0x0000000000000086        0x8 c:/winavr/bin/../lib/gcc/avr/9.1.0/../../../../avr/lib/avr5/crtatmega16.o
 *(.init9)
 *(.text)
 .text          0x000000000000008e        0x4 c:/winavr/bin/../lib/gcc/avr/9.1.0/../../../../avr/lib/avr5/crtatmega16.o
                0x000000000000008e                __vector_1
                0x000000000000008e                __vector_12
                0x000000000000008e                __bad_interrupt
                0x000000000000008e                __vector_3
                0x000000000000008e                __vector_11
                0x000000000000008e                __vector_13
                0x000000000000008e                __vector_17
                0x000000000000008e                __vector_19
                0x000000000000008e                __vector_7
                0x000000000000008e                __vector_5
                0x000000000000008e                __vector_4
                0x000000000000008e                __vector_9
                0x000000000000008e                __vector_2
                0x000000000000008e                __vector_15
                0x000000000000008e                __vector_14
                0x000000000000008e                __vector_10
                0x000000000000008e                __vector_16
                0x000000000000008e                __vector_18
                0x000000000000008e                __vector_20
 .text          0x0000000000000092        0x0 ./Control_ECU.o
 .text          0x0000000000000092        0x0 ./EEPROM.o
 .text          0x0000000000000092        0x0 ./I2C.o
 .text          0x0000000000000092        0x0 ./TIMER.o
 .text          0x0000000000000092        0x0 ./UART.o
 .text          0x0000000000000092        0x0 c:/winavr/bin/../lib/gcc/avr/9.1.0/avr5\libgcc.a(_exit.o)
 .text          0x0000000000000092        0x0 c:/winavr/bin/../lib/gcc/avr/9.1.0/avr5\libgcc.a(_copy_data.o)
 .text          0x0000000000000092        0x0 c:/winavr/bin/../lib/gcc/avr/9.1.0/avr5\libgcc.a(_clear_bss.o)
 .text          0x0000000000000092        0x0 c:/winavr/bin/../lib/gcc/avr/9.1.0/avr5\libgcc.a(_ashldi3.o)
 .text          0x0000000000000092        0x0 c:/winavr/bin/../lib/gcc/avr/9.1.0/avr5\libgcc.a(_ashrdi3.o)
 .text          0x0000000000000092        0x0 c:/winavr/bin/../lib/gcc/avr/9.1.0/avr5\libgcc.a(_adddi3.o)
 .text          0x0000000000000092        0x0 c:/winavr/bin/../lib/gcc/avr/9.1.0/avr5\libgcc.a(_cmpdi2.o)
 .text          0x0000000000000092        0x0 c:/winavr/bin/../lib/gcc/avr/9.1.0/avr5\libgcc.a(_cmpdi2_s8.o)
 .text          0x0000000000000092        0x0 c:/winavr/bin/../lib/gcc/avr/9.1.0/../../../../avr/lib/avr5\libm.a(cmpsf2.o)
 .text          0x0000000000000092        0x0 c:/winavr/bin/../lib/gcc/avr/9.1.0/../../../../avr/lib/avr5\libm.a(fixunssfsi.o)
 .text          0x0000000000000092        0x0 c:/winavr/bin/../lib/gcc/avr/9.1.0/../../../../avr/lib/avr5\libm.a(fp_cmp.o)
 .text          0x0000000000000092        0x0 c:/winavr/bin/../lib/gcc/avr/9.1.0/../../../../avr/lib/avr5\libm.a(fp_split3.o)
 .text          0x0000000000000092        0x0 c:/winavr/bin/../lib/gcc/avr/9.1.0/../../../../avr/lib/avr5\libm.a(fp_zero.o)
 .text          0x0000000000000092        0x0 c:/winavr/bin/../lib/gcc/avr/9.1.0/../../../../avr/lib/avr5\libm.a(gesf2.o)
 .text          0x0000000000000092        0x0 c:/winavr/bin/../lib/gcc/avr/9.1.0/../../../../avr/lib/avr5\libm.a(mulsf3.o)
 .text          0x0000000000000092        0x0 c:/winavr/bin/../lib/gcc/avr/9.1.0/../../../../avr/lib/avr5\libm.a(mulsf3x.o)
 .text          0x0000000000000092        0x0 c:/winavr/bin/../lib/gcc/avr/9.1.0/../../../../avr/lib/avr5\libm.a(fp_inf.o)
 .text          0x0000000000000092        0x0 c:/winavr/bin/../lib/gcc/avr/9.1.0/../../../../avr/lib/avr5\libm.a(fp_nan.o)
 .text          0x0000000000000092        0x0 c:/winavr/bin/../lib/gcc/avr/9.1.0/../../../../avr/lib/avr5\libm.a(fp_pscA.o)
 .text          0x0000000000000092        0x0 c:/winavr/bin/../lib/gcc/avr/9.1.0/../../../../avr/lib/avr5\libm.a(fp_pscB.o)
 .text          0x0000000000000092        0x0 c:/winavr/bin/../lib/gcc/avr/9.1.0/../../../../avr/lib/avr5\libm.a(fp_round.o)
                0x0000000000000092                . = ALIGN (0x2)
 *(.text.*)
 .text.main     0x0000000000000092      0x320 ./Control_ECU.o
                0x0000000000000092                main
 .text.createNewPass
                0x00000000000003b2      0x2b4 ./Control_ECU.o
                0x00000000000003b2                createNewPass
 .text.changePass
                0x0000000000000666       0xdc ./Control_ECU.o
                0x0000000000000666                changePass
 .text.closeDoor
                0x0000000000000742       0x72 ./Control_ECU.o
                0x0000000000000742                closeDoor
 .text.TimerControl
                0x00000000000007b4       0xe6 ./Control_ECU.o
                0x00000000000007b4                TimerControl
 .text.enterPass
                0x000000000000089a      0x356 ./Control_ECU.o
                0x000000000000089a                enterPass
 .text.runBuzzer
                0x0000000000000bf0       0x40 ./Control_ECU.o
                0x0000000000000bf0                runBuzzer
 .text.openDoor
                0x0000000000000c30      0x512 ./Control_ECU.o
                0x0000000000000c30                openDoor
 .text.writePassInEEPROM
                0x0000000000001142      0x204 ./Control_ECU.o
                0x0000000000001142                writePassInEEPROM
 .text.readPassFromEEPROM
                0x0000000000001346      0x26e ./Control_ECU.o
                0x0000000000001346                readPassFromEEPROM
 .text.EEPROM_init
                0x00000000000015b4       0x14 ./EEPROM.o
                0x00000000000015b4                EEPROM_init
 .text.EEPROM_writeByte
                0x00000000000015c8       0x7a ./EEPROM.o
                0x00000000000015c8                EEPROM_writeByte
 .text.EEPROM_readByte
                0x0000000000001642       0xb8 ./EEPROM.o
                0x0000000000001642                EEPROM_readByte
 .text.TWI_init
                0x00000000000016fa       0x36 ./I2C.o
                0x00000000000016fa                TWI_init
 .text.TWI_start
                0x0000000000001730       0x2a ./I2C.o
                0x0000000000001730                TWI_start
 .text.TWI_stop
                0x000000000000175a       0x1a ./I2C.o
                0x000000000000175a                TWI_stop
 .text.TWI_write
                0x0000000000001774       0x3a ./I2C.o
                0x0000000000001774                TWI_write
 .text.TWI_readWithACK
                0x00000000000017ae       0x2e ./I2C.o
                0x00000000000017ae                TWI_readWithACK
 .text.TWI_readWithNACK
                0x00000000000017dc       0x2e ./I2C.o
                0x00000000000017dc                TWI_readWithNACK
 .text.TWI_getStatus
                0x000000000000180a       0x20 ./I2C.o
                0x000000000000180a                TWI_getStatus
 .text.TIMER_init
                0x000000000000182a       0xdc ./TIMER.o
                0x000000000000182a                TIMER_init
 .text.TIMER_Deinit
                0x0000000000001906       0x3c ./TIMER.o
                0x0000000000001906                TIMER_Deinit
 .text.TIMER_SETCTC
                0x0000000000001942       0x38 ./TIMER.o
                0x0000000000001942                TIMER_SETCTC
 .text.TIMER_setCallBack
                0x000000000000197a       0x26 ./TIMER.o
                0x000000000000197a                TIMER_setCallBack
 .text.__vector_6
                0x00000000000019a0       0x6a ./TIMER.o
                0x00000000000019a0                __vector_6
 .text.__vector_8
                0x0000000000001a0a       0x6a ./TIMER.o
                0x0000000000001a0a                __vector_8
 .text.UART_init
                0x0000000000001a74       0xa0 ./UART.o
                0x0000000000001a74                UART_init
 .text.UART_sendByte
                0x0000000000001b14       0x36 ./UART.o
                0x0000000000001b14                UART_sendByte
 .text.UART_recieveByte
                0x0000000000001b4a       0x24 ./UART.o
                0x0000000000001b4a                UART_recieveByte
 .text.UART_sendString
                0x0000000000001b6e       0x5a ./UART.o
                0x0000000000001b6e                UART_sendString
 .text.UART_receiveString
                0x0000000000001bc8       0x74 ./UART.o
                0x0000000000001bc8                UART_receiveString
 .text.libgcc.mul
                0x0000000000001c3c        0x0 c:/winavr/bin/../lib/gcc/avr/9.1.0/avr5\libgcc.a(_exit.o)
 .text.libgcc.div
                0x0000000000001c3c        0x0 c:/winavr/bin/../lib/gcc/avr/9.1.0/avr5\libgcc.a(_exit.o)
 .text.libgcc   0x0000000000001c3c        0x0 c:/winavr/bin/../lib/gcc/avr/9.1.0/avr5\libgcc.a(_exit.o)
 .text.libgcc.prologue
                0x0000000000001c3c        0x0 c:/winavr/bin/../lib/gcc/avr/9.1.0/avr5\libgcc.a(_exit.o)
 .text.libgcc.builtins
                0x0000000000001c3c        0x0 c:/winavr/bin/../lib/gcc/avr/9.1.0/avr5\libgcc.a(_exit.o)
 .text.libgcc.fmul
                0x0000000000001c3c        0x0 c:/winavr/bin/../lib/gcc/avr/9.1.0/avr5\libgcc.a(_exit.o)
 .text.libgcc.fixed
                0x0000000000001c3c        0x0 c:/winavr/bin/../lib/gcc/avr/9.1.0/avr5\libgcc.a(_exit.o)
 .text.libgcc.mul
                0x0000000000001c3c        0x0 c:/winavr/bin/../lib/gcc/avr/9.1.0/avr5\libgcc.a(_copy_data.o)
 .text.libgcc.div
                0x0000000000001c3c        0x0 c:/winavr/bin/../lib/gcc/avr/9.1.0/avr5\libgcc.a(_copy_data.o)
 .text.libgcc   0x0000000000001c3c        0x0 c:/winavr/bin/../lib/gcc/avr/9.1.0/avr5\libgcc.a(_copy_data.o)
 .text.libgcc.prologue
                0x0000000000001c3c        0x0 c:/winavr/bin/../lib/gcc/avr/9.1.0/avr5\libgcc.a(_copy_data.o)
 .text.libgcc.builtins
                0x0000000000001c3c        0x0 c:/winavr/bin/../lib/gcc/avr/9.1.0/avr5\libgcc.a(_copy_data.o)
 .text.libgcc.fmul
                0x0000000000001c3c        0x0 c:/winavr/bin/../lib/gcc/avr/9.1.0/avr5\libgcc.a(_copy_data.o)
 .text.libgcc.fixed
                0x0000000000001c3c        0x0 c:/winavr/bin/../lib/gcc/avr/9.1.0/avr5\libgcc.a(_copy_data.o)
 .text.libgcc.mul
                0x0000000000001c3c        0x0 c:/winavr/bin/../lib/gcc/avr/9.1.0/avr5\libgcc.a(_clear_bss.o)
 .text.libgcc.div
                0x0000000000001c3c        0x0 c:/winavr/bin/../lib/gcc/avr/9.1.0/avr5\libgcc.a(_clear_bss.o)
 .text.libgcc   0x0000000000001c3c        0x0 c:/winavr/bin/../lib/gcc/avr/9.1.0/avr5\libgcc.a(_clear_bss.o)
 .text.libgcc.prologue
                0x0000000000001c3c        0x0 c:/winavr/bin/../lib/gcc/avr/9.1.0/avr5\libgcc.a(_clear_bss.o)
 .text.libgcc.builtins
                0x0000000000001c3c        0x0 c:/winavr/bin/../lib/gcc/avr/9.1.0/avr5\libgcc.a(_clear_bss.o)
 .text.libgcc.fmul
                0x0000000000001c3c        0x0 c:/winavr/bin/../lib/gcc/avr/9.1.0/avr5\libgcc.a(_clear_bss.o)
 .text.libgcc.fixed
                0x0000000000001c3c        0x0 c:/winavr/bin/../lib/gcc/avr/9.1.0/avr5\libgcc.a(_clear_bss.o)
 .text.libgcc.mul
                0x0000000000001c3c        0x0 c:/winavr/bin/../lib/gcc/avr/9.1.0/avr5\libgcc.a(_ashldi3.o)
 .text.libgcc.div
                0x0000000000001c3c        0x0 c:/winavr/bin/../lib/gcc/avr/9.1.0/avr5\libgcc.a(_ashldi3.o)
 .text.libgcc   0x0000000000001c3c        0x0 c:/winavr/bin/../lib/gcc/avr/9.1.0/avr5\libgcc.a(_ashldi3.o)
 .text.libgcc.prologue
                0x0000000000001c3c        0x0 c:/winavr/bin/../lib/gcc/avr/9.1.0/avr5\libgcc.a(_ashldi3.o)
 .text.libgcc.builtins
                0x0000000000001c3c       0x32 c:/winavr/bin/../lib/gcc/avr/9.1.0/avr5\libgcc.a(_ashldi3.o)
                0x0000000000001c3c                __ashldi3
 .text.libgcc.fmul
                0x0000000000001c6e        0x0 c:/winavr/bin/../lib/gcc/avr/9.1.0/avr5\libgcc.a(_ashldi3.o)
 .text.libgcc.fixed
                0x0000000000001c6e        0x0 c:/winavr/bin/../lib/gcc/avr/9.1.0/avr5\libgcc.a(_ashldi3.o)
 .text.libgcc.mul
                0x0000000000001c6e        0x0 c:/winavr/bin/../lib/gcc/avr/9.1.0/avr5\libgcc.a(_ashrdi3.o)
 .text.libgcc.div
                0x0000000000001c6e        0x0 c:/winavr/bin/../lib/gcc/avr/9.1.0/avr5\libgcc.a(_ashrdi3.o)
 .text.libgcc   0x0000000000001c6e        0x0 c:/winavr/bin/../lib/gcc/avr/9.1.0/avr5\libgcc.a(_ashrdi3.o)
 .text.libgcc.prologue
                0x0000000000001c6e        0x0 c:/winavr/bin/../lib/gcc/avr/9.1.0/avr5\libgcc.a(_ashrdi3.o)
 .text.libgcc.builtins
                0x0000000000001c6e       0x3a c:/winavr/bin/../lib/gcc/avr/9.1.0/avr5\libgcc.a(_ashrdi3.o)
                0x0000000000001c6e                __ashrdi3
                0x0000000000001c72                __lshrdi3
 .text.libgcc.fmul
                0x0000000000001ca8        0x0 c:/winavr/bin/../lib/gcc/avr/9.1.0/avr5\libgcc.a(_ashrdi3.o)
 .text.libgcc.fixed
                0x0000000000001ca8        0x0 c:/winavr/bin/../lib/gcc/avr/9.1.0/avr5\libgcc.a(_ashrdi3.o)
 .text.libgcc.mul
                0x0000000000001ca8        0x0 c:/winavr/bin/../lib/gcc/avr/9.1.0/avr5\libgcc.a(_adddi3.o)
 .text.libgcc.div
                0x0000000000001ca8        0x0 c:/winavr/bin/../lib/gcc/avr/9.1.0/avr5\libgcc.a(_adddi3.o)
 .text.libgcc   0x0000000000001ca8       0x12 c:/winavr/bin/../lib/gcc/avr/9.1.0/avr5\libgcc.a(_adddi3.o)
                0x0000000000001ca8                __adddi3
 .text.libgcc.prologue
                0x0000000000001cba        0x0 c:/winavr/bin/../lib/gcc/avr/9.1.0/avr5\libgcc.a(_adddi3.o)
 .text.libgcc.builtins
                0x0000000000001cba        0x0 c:/winavr/bin/../lib/gcc/avr/9.1.0/avr5\libgcc.a(_adddi3.o)
 .text.libgcc.fmul
                0x0000000000001cba        0x0 c:/winavr/bin/../lib/gcc/avr/9.1.0/avr5\libgcc.a(_adddi3.o)
 .text.libgcc.fixed
                0x0000000000001cba        0x0 c:/winavr/bin/../lib/gcc/avr/9.1.0/avr5\libgcc.a(_adddi3.o)
 .text.libgcc.mul
                0x0000000000001cba        0x0 c:/winavr/bin/../lib/gcc/avr/9.1.0/avr5\libgcc.a(_cmpdi2.o)
 .text.libgcc.div
                0x0000000000001cba        0x0 c:/winavr/bin/../lib/gcc/avr/9.1.0/avr5\libgcc.a(_cmpdi2.o)
 .text.libgcc   0x0000000000001cba       0x12 c:/winavr/bin/../lib/gcc/avr/9.1.0/avr5\libgcc.a(_cmpdi2.o)
                0x0000000000001cba                __cmpdi2
 .text.libgcc.prologue
                0x0000000000001ccc        0x0 c:/winavr/bin/../lib/gcc/avr/9.1.0/avr5\libgcc.a(_cmpdi2.o)
 .text.libgcc.builtins
                0x0000000000001ccc        0x0 c:/winavr/bin/../lib/gcc/avr/9.1.0/avr5\libgcc.a(_cmpdi2.o)
 .text.libgcc.fmul
                0x0000000000001ccc        0x0 c:/winavr/bin/../lib/gcc/avr/9.1.0/avr5\libgcc.a(_cmpdi2.o)
 .text.libgcc.fixed
                0x0000000000001ccc        0x0 c:/winavr/bin/../lib/gcc/avr/9.1.0/avr5\libgcc.a(_cmpdi2.o)
 .text.libgcc.mul
                0x0000000000001ccc        0x0 c:/winavr/bin/../lib/gcc/avr/9.1.0/avr5\libgcc.a(_cmpdi2_s8.o)
 .text.libgcc.div
                0x0000000000001ccc        0x0 c:/winavr/bin/../lib/gcc/avr/9.1.0/avr5\libgcc.a(_cmpdi2_s8.o)
 .text.libgcc   0x0000000000001ccc       0x18 c:/winavr/bin/../lib/gcc/avr/9.1.0/avr5\libgcc.a(_cmpdi2_s8.o)
                0x0000000000001ccc                __cmpdi2_s8
 .text.libgcc.prologue
                0x0000000000001ce4        0x0 c:/winavr/bin/../lib/gcc/avr/9.1.0/avr5\libgcc.a(_cmpdi2_s8.o)
 .text.libgcc.builtins
                0x0000000000001ce4        0x0 c:/winavr/bin/../lib/gcc/avr/9.1.0/avr5\libgcc.a(_cmpdi2_s8.o)
 .text.libgcc.fmul
                0x0000000000001ce4        0x0 c:/winavr/bin/../lib/gcc/avr/9.1.0/avr5\libgcc.a(_cmpdi2_s8.o)
 .text.libgcc.fixed
                0x0000000000001ce4        0x0 c:/winavr/bin/../lib/gcc/avr/9.1.0/avr5\libgcc.a(_cmpdi2_s8.o)
 .text.avr-libc.fplib
                0x0000000000001ce4        0xa c:/winavr/bin/../lib/gcc/avr/9.1.0/../../../../avr/lib/avr5\libm.a(cmpsf2.o)
                0x0000000000001ce4                __nesf2
                0x0000000000001ce4                __eqsf2
                0x0000000000001ce4                __cmpsf2
                0x0000000000001ce4                __ltsf2
                0x0000000000001ce4                __lesf2
 .text.avr-libc.fplib
                0x0000000000001cee       0x5e c:/winavr/bin/../lib/gcc/avr/9.1.0/../../../../avr/lib/avr5\libm.a(fixunssfsi.o)
                0x0000000000001cee                __fixunssfsi
 .text.avr-libc.fplib
                0x0000000000001d4c       0x48 c:/winavr/bin/../lib/gcc/avr/9.1.0/../../../../avr/lib/avr5\libm.a(fp_cmp.o)
                0x0000000000001d4c                __fp_cmp
 .text.avr-libc.fplib
                0x0000000000001d94       0x44 c:/winavr/bin/../lib/gcc/avr/9.1.0/../../../../avr/lib/avr5\libm.a(fp_split3.o)
                0x0000000000001d94                __fp_split3
                0x0000000000001da4                __fp_splitA
 .text.avr-libc.fplib
                0x0000000000001dd8        0xe c:/winavr/bin/../lib/gcc/avr/9.1.0/../../../../avr/lib/avr5\libm.a(fp_zero.o)
                0x0000000000001dd8                __fp_zero
                0x0000000000001dda                __fp_szero
 .text.avr-libc.fplib
                0x0000000000001de6        0xa c:/winavr/bin/../lib/gcc/avr/9.1.0/../../../../avr/lib/avr5\libm.a(gesf2.o)
                0x0000000000001de6                __gesf2
                0x0000000000001de6                __gtsf2
 .text.avr-libc.fplib
                0x0000000000001df0        0x8 c:/winavr/bin/../lib/gcc/avr/9.1.0/../../../../avr/lib/avr5\libm.a(mulsf3.o)
                0x0000000000001df0                __mulsf3
 .text.avr-libc.fplib
                0x0000000000001df8       0xd2 c:/winavr/bin/../lib/gcc/avr/9.1.0/../../../../avr/lib/avr5\libm.a(mulsf3x.o)
                0x0000000000001e16                __mulsf3x
                0x0000000000001e1c                __mulsf3_pse
 .text.avr-libc.fplib
                0x0000000000001eca        0xc c:/winavr/bin/../lib/gcc/avr/9.1.0/../../../../avr/lib/avr5\libm.a(fp_inf.o)
                0x0000000000001eca                __fp_inf
 .text.avr-libc.fplib
                0x0000000000001ed6        0x6 c:/winavr/bin/../lib/gcc/avr/9.1.0/../../../../avr/lib/avr5\libm.a(fp_nan.o)
                0x0000000000001ed6                __fp_nan
 .text.avr-libc.fplib
                0x0000000000001edc        0xe c:/winavr/bin/../lib/gcc/avr/9.1.0/../../../../avr/lib/avr5\libm.a(fp_pscA.o)
                0x0000000000001edc                __fp_pscA
 .text.avr-libc.fplib
                0x0000000000001eea        0xe c:/winavr/bin/../lib/gcc/avr/9.1.0/../../../../avr/lib/avr5\libm.a(fp_pscB.o)
                0x0000000000001eea                __fp_pscB
 .text.avr-libc.fplib
                0x0000000000001ef8       0x22 c:/winavr/bin/../lib/gcc/avr/9.1.0/../../../../avr/lib/avr5\libm.a(fp_round.o)
                0x0000000000001ef8                __fp_round
                0x0000000000001f1a                . = ALIGN (0x2)
 *(.fini9)
 .fini9         0x0000000000001f1a        0x0 c:/winavr/bin/../lib/gcc/avr/9.1.0/avr5\libgcc.a(_exit.o)
                0x0000000000001f1a                _exit
                0x0000000000001f1a                exit
 *(.fini9)
 *(.fini8)
 *(.fini8)
 *(.fini7)
 *(.fini7)
 *(.fini6)
 *(.fini6)
 *(.fini5)
 *(.fini5)
 *(.fini4)
 *(.fini4)
 *(.fini3)
 *(.fini3)
 *(.fini2)
 *(.fini2)
 *(.fini1)
 *(.fini1)
 *(.fini0)
 .fini0         0x0000000000001f1a        0x4 c:/winavr/bin/../lib/gcc/avr/9.1.0/avr5\libgcc.a(_exit.o)
 *(.fini0)
 *(.hightext)
 *(.hightext*)
 *(.progmemx.*)
                0x0000000000001f1e                . = ALIGN (0x2)
 *(.jumptables)
 *(.jumptables*)
                0x0000000000001f1e                _etext = .

.data           0x0000000000800060        0x8 load address 0x0000000000001f1e
                0x0000000000800060                PROVIDE (__data_start = .)
 *(.data)
 .data          0x0000000000800060        0x0 c:/winavr/bin/../lib/gcc/avr/9.1.0/../../../../avr/lib/avr5/crtatmega16.o
 .data          0x0000000000800060        0x0 ./Control_ECU.o
 .data          0x0000000000800060        0x0 ./EEPROM.o
 .data          0x0000000000800060        0x0 ./I2C.o
 .data          0x0000000000800060        0x0 ./TIMER.o
 .data          0x0000000000800060        0x0 ./UART.o
 .data          0x0000000000800060        0x0 c:/winavr/bin/../lib/gcc/avr/9.1.0/avr5\libgcc.a(_exit.o)
 .data          0x0000000000800060        0x0 c:/winavr/bin/../lib/gcc/avr/9.1.0/avr5\libgcc.a(_copy_data.o)
 .data          0x0000000000800060        0x0 c:/winavr/bin/../lib/gcc/avr/9.1.0/avr5\libgcc.a(_clear_bss.o)
 .data          0x0000000000800060        0x0 c:/winavr/bin/../lib/gcc/avr/9.1.0/avr5\libgcc.a(_ashldi3.o)
 .data          0x0000000000800060        0x0 c:/winavr/bin/../lib/gcc/avr/9.1.0/avr5\libgcc.a(_ashrdi3.o)
 .data          0x0000000000800060        0x0 c:/winavr/bin/../lib/gcc/avr/9.1.0/avr5\libgcc.a(_adddi3.o)
 .data          0x0000000000800060        0x0 c:/winavr/bin/../lib/gcc/avr/9.1.0/avr5\libgcc.a(_cmpdi2.o)
 .data          0x0000000000800060        0x0 c:/winavr/bin/../lib/gcc/avr/9.1.0/avr5\libgcc.a(_cmpdi2_s8.o)
 .data          0x0000000000800060        0x0 c:/winavr/bin/../lib/gcc/avr/9.1.0/../../../../avr/lib/avr5\libm.a(cmpsf2.o)
 .data          0x0000000000800060        0x0 c:/winavr/bin/../lib/gcc/avr/9.1.0/../../../../avr/lib/avr5\libm.a(fixunssfsi.o)
 .data          0x0000000000800060        0x0 c:/winavr/bin/../lib/gcc/avr/9.1.0/../../../../avr/lib/avr5\libm.a(fp_cmp.o)
 .data          0x0000000000800060        0x0 c:/winavr/bin/../lib/gcc/avr/9.1.0/../../../../avr/lib/avr5\libm.a(fp_split3.o)
 .data          0x0000000000800060        0x0 c:/winavr/bin/../lib/gcc/avr/9.1.0/../../../../avr/lib/avr5\libm.a(fp_zero.o)
 .data          0x0000000000800060        0x0 c:/winavr/bin/../lib/gcc/avr/9.1.0/../../../../avr/lib/avr5\libm.a(gesf2.o)
 .data          0x0000000000800060        0x0 c:/winavr/bin/../lib/gcc/avr/9.1.0/../../../../avr/lib/avr5\libm.a(mulsf3.o)
 .data          0x0000000000800060        0x0 c:/winavr/bin/../lib/gcc/avr/9.1.0/../../../../avr/lib/avr5\libm.a(mulsf3x.o)
 .data          0x0000000000800060        0x0 c:/winavr/bin/../lib/gcc/avr/9.1.0/../../../../avr/lib/avr5\libm.a(fp_inf.o)
 .data          0x0000000000800060        0x0 c:/winavr/bin/../lib/gcc/avr/9.1.0/../../../../avr/lib/avr5\libm.a(fp_nan.o)
 .data          0x0000000000800060        0x0 c:/winavr/bin/../lib/gcc/avr/9.1.0/../../../../avr/lib/avr5\libm.a(fp_pscA.o)
 .data          0x0000000000800060        0x0 c:/winavr/bin/../lib/gcc/avr/9.1.0/../../../../avr/lib/avr5\libm.a(fp_pscB.o)
 .data          0x0000000000800060        0x0 c:/winavr/bin/../lib/gcc/avr/9.1.0/../../../../avr/lib/avr5\libm.a(fp_round.o)
 *(.data*)
 .data.g_state  0x0000000000800060        0x1 ./Control_ECU.o
                0x0000000000800060                g_state
 .data.timePtr  0x0000000000800061        0x4 ./Control_ECU.o
                0x0000000000800061                timePtr
 .data.addPass  0x0000000000800065        0x2 ./Control_ECU.o
                0x0000000000800065                addPass
 *(.gnu.linkonce.d*)
 *(.rodata)
 *(.rodata*)
 *(.gnu.linkonce.r*)
                0x0000000000800068                . = ALIGN (0x2)
 *fill*         0x0000000000800067        0x1 
                0x0000000000800068                _edata = .
                0x0000000000800068                PROVIDE (__data_end = .)

.bss            0x0000000000800068       0x14
                0x0000000000800068                PROVIDE (__bss_start = .)
 *(.bss)
 .bss           0x0000000000800068        0x0 c:/winavr/bin/../lib/gcc/avr/9.1.0/../../../../avr/lib/avr5/crtatmega16.o
 .bss           0x0000000000800068        0x0 ./Control_ECU.o
 .bss           0x0000000000800068        0x0 ./EEPROM.o
 .bss           0x0000000000800068        0x0 ./I2C.o
 .bss           0x0000000000800068        0x0 ./TIMER.o
 .bss           0x0000000000800068        0x0 ./UART.o
 .bss           0x0000000000800068        0x0 c:/winavr/bin/../lib/gcc/avr/9.1.0/avr5\libgcc.a(_exit.o)
 .bss           0x0000000000800068        0x0 c:/winavr/bin/../lib/gcc/avr/9.1.0/avr5\libgcc.a(_copy_data.o)
 .bss           0x0000000000800068        0x0 c:/winavr/bin/../lib/gcc/avr/9.1.0/avr5\libgcc.a(_clear_bss.o)
 .bss           0x0000000000800068        0x0 c:/winavr/bin/../lib/gcc/avr/9.1.0/avr5\libgcc.a(_ashldi3.o)
 .bss           0x0000000000800068        0x0 c:/winavr/bin/../lib/gcc/avr/9.1.0/avr5\libgcc.a(_ashrdi3.o)
 .bss           0x0000000000800068        0x0 c:/winavr/bin/../lib/gcc/avr/9.1.0/avr5\libgcc.a(_adddi3.o)
 .bss           0x0000000000800068        0x0 c:/winavr/bin/../lib/gcc/avr/9.1.0/avr5\libgcc.a(_cmpdi2.o)
 .bss           0x0000000000800068        0x0 c:/winavr/bin/../lib/gcc/avr/9.1.0/avr5\libgcc.a(_cmpdi2_s8.o)
 .bss           0x0000000000800068        0x0 c:/winavr/bin/../lib/gcc/avr/9.1.0/../../../../avr/lib/avr5\libm.a(cmpsf2.o)
 .bss           0x0000000000800068        0x0 c:/winavr/bin/../lib/gcc/avr/9.1.0/../../../../avr/lib/avr5\libm.a(fixunssfsi.o)
 .bss           0x0000000000800068        0x0 c:/winavr/bin/../lib/gcc/avr/9.1.0/../../../../avr/lib/avr5\libm.a(fp_cmp.o)
 .bss           0x0000000000800068        0x0 c:/winavr/bin/../lib/gcc/avr/9.1.0/../../../../avr/lib/avr5\libm.a(fp_split3.o)
 .bss           0x0000000000800068        0x0 c:/winavr/bin/../lib/gcc/avr/9.1.0/../../../../avr/lib/avr5\libm.a(fp_zero.o)
 .bss           0x0000000000800068        0x0 c:/winavr/bin/../lib/gcc/avr/9.1.0/../../../../avr/lib/avr5\libm.a(gesf2.o)
 .bss           0x0000000000800068        0x0 c:/winavr/bin/../lib/gcc/avr/9.1.0/../../../../avr/lib/avr5\libm.a(mulsf3.o)
 .bss           0x0000000000800068        0x0 c:/winavr/bin/../lib/gcc/avr/9.1.0/../../../../avr/lib/avr5\libm.a(mulsf3x.o)
 .bss           0x0000000000800068        0x0 c:/winavr/bin/../lib/gcc/avr/9.1.0/../../../../avr/lib/avr5\libm.a(fp_inf.o)
 .bss           0x0000000000800068        0x0 c:/winavr/bin/../lib/gcc/avr/9.1.0/../../../../avr/lib/avr5\libm.a(fp_nan.o)
 .bss           0x0000000000800068        0x0 c:/winavr/bin/../lib/gcc/avr/9.1.0/../../../../avr/lib/avr5\libm.a(fp_pscA.o)
 .bss           0x0000000000800068        0x0 c:/winavr/bin/../lib/gcc/avr/9.1.0/../../../../avr/lib/avr5\libm.a(fp_pscB.o)
 .bss           0x0000000000800068        0x0 c:/winavr/bin/../lib/gcc/avr/9.1.0/../../../../avr/lib/avr5\libm.a(fp_round.o)
 *(.bss*)
 .bss.timeIndex
                0x0000000000800068        0x1 ./Control_ECU.o
                0x0000000000800068                timeIndex
 .bss.g_pass    0x0000000000800069        0x8 ./Control_ECU.o
                0x0000000000800069                g_pass
 .bss.g_passCheck
                0x0000000000800071        0x8 ./Control_ECU.o
                0x0000000000800071                g_passCheck
 .bss.g_CallBackPtr
                0x0000000000800079        0x2 ./TIMER.o
 *(COMMON)
 COMMON         0x000000000080007b        0x1 ./Control_ECU.o
                0x000000000080007b                g_byte
                0x000000000080007c                PROVIDE (__bss_end = .)
                0x0000000000001f1e                __data_load_start = LOADADDR (.data)
                0x0000000000001f26                __data_load_end = (__data_load_start + SIZEOF (.data))

.noinit         0x000000000080007c        0x0
                [!provide]                        PROVIDE (__noinit_start = .)
 *(.noinit*)
                [!provide]                        PROVIDE (__noinit_end = .)
                0x000000000080007c                _end = .
                [!provide]                        PROVIDE (__heap_start = .)

.eeprom         0x0000000000810000        0x0
 *(.eeprom*)
                0x0000000000810000                __eeprom_end = .

.fuse
 *(.fuse)
 *(.lfuse)
 *(.hfuse)
 *(.efuse)

.lock
 *(.lock*)

.signature
 *(.signature*)

.stab           0x0000000000000000     0x3018
 *(.stab)
 .stab          0x0000000000000000     0x1848 ./Control_ECU.o
 .stab          0x0000000000001848      0x5e8 ./EEPROM.o
                                        0x870 (size before relaxing)
 .stab          0x0000000000001e30      0x5d0 ./I2C.o
                                        0x858 (size before relaxing)
 .stab          0x0000000000002400      0x63c ./TIMER.o
                                        0x900 (size before relaxing)
 .stab          0x0000000000002a3c      0x5dc ./UART.o
                                        0x864 (size before relaxing)

.stabstr        0x0000000000000000     0x13e2
 *(.stabstr)
 .stabstr       0x0000000000000000     0x13e2 ./Control_ECU.o

.stab.excl
 *(.stab.excl)

.stab.exclstr
 *(.stab.exclstr)

.stab.index
 *(.stab.index)

.stab.indexstr
 *(.stab.indexstr)

.comment        0x0000000000000000       0x11
 *(.comment)
 .comment       0x0000000000000000       0x11 ./Control_ECU.o
                                         0x12 (size before relaxing)
 .comment       0x0000000000000011       0x12 ./EEPROM.o
 .comment       0x0000000000000011       0x12 ./I2C.o
 .comment       0x0000000000000011       0x12 ./TIMER.o
 .comment       0x0000000000000011       0x12 ./UART.o

.note.gnu.avr.deviceinfo
                0x0000000000000000       0x3c
 .note.gnu.avr.deviceinfo
                0x0000000000000000       0x3c c:/winavr/bin/../lib/gcc/avr/9.1.0/../../../../avr/lib/avr5/crtatmega16.o

.note.gnu.build-id
 *(.note.gnu.build-id)

.debug
 *(.debug)

.line
 *(.line)

.debug_srcinfo
 *(.debug_srcinfo)

.debug_sfnames
 *(.debug_sfnames)

.debug_aranges  0x0000000000000000      0x100
 *(.debug_aranges)
 .debug_aranges
                0x0000000000000000       0x20 c:/winavr/bin/../lib/gcc/avr/9.1.0/avr5\libgcc.a(_exit.o)
 .debug_aranges
                0x0000000000000020       0x20 c:/winavr/bin/../lib/gcc/avr/9.1.0/avr5\libgcc.a(_copy_data.o)
 .debug_aranges
                0x0000000000000040       0x20 c:/winavr/bin/../lib/gcc/avr/9.1.0/avr5\libgcc.a(_clear_bss.o)
 .debug_aranges
                0x0000000000000060       0x20 c:/winavr/bin/../lib/gcc/avr/9.1.0/avr5\libgcc.a(_ashldi3.o)
 .debug_aranges
                0x0000000000000080       0x20 c:/winavr/bin/../lib/gcc/avr/9.1.0/avr5\libgcc.a(_ashrdi3.o)
 .debug_aranges
                0x00000000000000a0       0x20 c:/winavr/bin/../lib/gcc/avr/9.1.0/avr5\libgcc.a(_adddi3.o)
 .debug_aranges
                0x00000000000000c0       0x20 c:/winavr/bin/../lib/gcc/avr/9.1.0/avr5\libgcc.a(_cmpdi2.o)
 .debug_aranges
                0x00000000000000e0       0x20 c:/winavr/bin/../lib/gcc/avr/9.1.0/avr5\libgcc.a(_cmpdi2_s8.o)

.debug_pubnames
 *(.debug_pubnames)

.debug_info     0x0000000000000000      0x65e
 *(.debug_info .gnu.linkonce.wi.*)
 .debug_info    0x0000000000000000      0x52e c:/winavr/bin/../lib/gcc/avr/9.1.0/../../../../avr/lib/avr5/crtatmega16.o
 .debug_info    0x000000000000052e       0x26 c:/winavr/bin/../lib/gcc/avr/9.1.0/avr5\libgcc.a(_exit.o)
 .debug_info    0x0000000000000554       0x26 c:/winavr/bin/../lib/gcc/avr/9.1.0/avr5\libgcc.a(_copy_data.o)
 .debug_info    0x000000000000057a       0x26 c:/winavr/bin/../lib/gcc/avr/9.1.0/avr5\libgcc.a(_clear_bss.o)
 .debug_info    0x00000000000005a0       0x26 c:/winavr/bin/../lib/gcc/avr/9.1.0/avr5\libgcc.a(_ashldi3.o)
 .debug_info    0x00000000000005c6       0x26 c:/winavr/bin/../lib/gcc/avr/9.1.0/avr5\libgcc.a(_ashrdi3.o)
 .debug_info    0x00000000000005ec       0x26 c:/winavr/bin/../lib/gcc/avr/9.1.0/avr5\libgcc.a(_adddi3.o)
 .debug_info    0x0000000000000612       0x26 c:/winavr/bin/../lib/gcc/avr/9.1.0/avr5\libgcc.a(_cmpdi2.o)
 .debug_info    0x0000000000000638       0x26 c:/winavr/bin/../lib/gcc/avr/9.1.0/avr5\libgcc.a(_cmpdi2_s8.o)

.debug_abbrev   0x0000000000000000      0x587
 *(.debug_abbrev)
 .debug_abbrev  0x0000000000000000      0x4e7 c:/winavr/bin/../lib/gcc/avr/9.1.0/../../../../avr/lib/avr5/crtatmega16.o
 .debug_abbrev  0x00000000000004e7       0x14 c:/winavr/bin/../lib/gcc/avr/9.1.0/avr5\libgcc.a(_exit.o)
 .debug_abbrev  0x00000000000004fb       0x14 c:/winavr/bin/../lib/gcc/avr/9.1.0/avr5\libgcc.a(_copy_data.o)
 .debug_abbrev  0x000000000000050f       0x14 c:/winavr/bin/../lib/gcc/avr/9.1.0/avr5\libgcc.a(_clear_bss.o)
 .debug_abbrev  0x0000000000000523       0x14 c:/winavr/bin/../lib/gcc/avr/9.1.0/avr5\libgcc.a(_ashldi3.o)
 .debug_abbrev  0x0000000000000537       0x14 c:/winavr/bin/../lib/gcc/avr/9.1.0/avr5\libgcc.a(_ashrdi3.o)
 .debug_abbrev  0x000000000000054b       0x14 c:/winavr/bin/../lib/gcc/avr/9.1.0/avr5\libgcc.a(_adddi3.o)
 .debug_abbrev  0x000000000000055f       0x14 c:/winavr/bin/../lib/gcc/avr/9.1.0/avr5\libgcc.a(_cmpdi2.o)
 .debug_abbrev  0x0000000000000573       0x14 c:/winavr/bin/../lib/gcc/avr/9.1.0/avr5\libgcc.a(_cmpdi2_s8.o)

.debug_line     0x0000000000000000      0x4cf
 *(.debug_line .debug_line.* .debug_line_end)
 .debug_line    0x0000000000000000       0x1d c:/winavr/bin/../lib/gcc/avr/9.1.0/../../../../avr/lib/avr5/crtatmega16.o
 .debug_line    0x000000000000001d       0x61 c:/winavr/bin/../lib/gcc/avr/9.1.0/avr5\libgcc.a(_exit.o)
 .debug_line    0x000000000000007e       0x97 c:/winavr/bin/../lib/gcc/avr/9.1.0/avr5\libgcc.a(_copy_data.o)
 .debug_line    0x0000000000000115       0x85 c:/winavr/bin/../lib/gcc/avr/9.1.0/avr5\libgcc.a(_clear_bss.o)
 .debug_line    0x000000000000019a       0xeb c:/winavr/bin/../lib/gcc/avr/9.1.0/avr5\libgcc.a(_ashldi3.o)
 .debug_line    0x0000000000000285      0x103 c:/winavr/bin/../lib/gcc/avr/9.1.0/avr5\libgcc.a(_ashrdi3.o)
 .debug_line    0x0000000000000388       0x67 c:/winavr/bin/../lib/gcc/avr/9.1.0/avr5\libgcc.a(_adddi3.o)
 .debug_line    0x00000000000003ef       0x67 c:/winavr/bin/../lib/gcc/avr/9.1.0/avr5\libgcc.a(_cmpdi2.o)
 .debug_line    0x0000000000000456       0x79 c:/winavr/bin/../lib/gcc/avr/9.1.0/avr5\libgcc.a(_cmpdi2_s8.o)

.debug_frame
 *(.debug_frame)

.debug_str      0x0000000000000000      0x20d
 *(.debug_str)
 .debug_str     0x0000000000000000      0x1af c:/winavr/bin/../lib/gcc/avr/9.1.0/../../../../avr/lib/avr5/crtatmega16.o
 .debug_str     0x00000000000001af       0x5e c:/winavr/bin/../lib/gcc/avr/9.1.0/avr5\libgcc.a(_exit.o)
 .debug_str     0x000000000000020d       0x5e c:/winavr/bin/../lib/gcc/avr/9.1.0/avr5\libgcc.a(_copy_data.o)
 .debug_str     0x000000000000020d       0x5e c:/winavr/bin/../lib/gcc/avr/9.1.0/avr5\libgcc.a(_clear_bss.o)
 .debug_str     0x000000000000020d       0x5e c:/winavr/bin/../lib/gcc/avr/9.1.0/avr5\libgcc.a(_ashldi3.o)
 .debug_str     0x000000000000020d       0x5e c:/winavr/bin/../lib/gcc/avr/9.1.0/avr5\libgcc.a(_ashrdi3.o)
 .debug_str     0x000000000000020d       0x5e c:/winavr/bin/../lib/gcc/avr/9.1.0/avr5\libgcc.a(_adddi3.o)
 .debug_str     0x000000000000020d       0x5e c:/winavr/bin/../lib/gcc/avr/9.1.0/avr5\libgcc.a(_cmpdi2.o)
 .debug_str     0x000000000000020d       0x5e c:/winavr/bin/../lib/gcc/avr/9.1.0/avr5\libgcc.a(_cmpdi2_s8.o)

.debug_loc
 *(.debug_loc)

.debug_macinfo
 *(.debug_macinfo)

.debug_weaknames
 *(.debug_weaknames)

.debug_funcnames
 *(.debug_funcnames)

.debug_typenames
 *(.debug_typenames)

.debug_varnames
 *(.debug_varnames)

.debug_pubtypes
 *(.debug_pubtypes)

.debug_ranges
 *(.debug_ranges)

.debug_macro
 *(.debug_macro)

.debug_addr
 *(.debug_addr)
OUTPUT(MC2.elf elf32-avr)
LOAD linker stubs
